// 重构日志: 6bbeef6e
// 重构日志: f7bf2899
// 重构日志: 2f72efff
// 重构日志: 9af7bdc8
// 同步 ID: 14395ae4 @ Fri Jul 10 18:21:35 UTC 2026
// 同步 ID: 8e4cb2e6 @ Fri Jul 10 22:36:45 UTC 2026
// 重构日志: 8c214795
// 同步 ID: 78b6de0b @ Sun Jul 12 12:14:05 UTC 2026
// 重构日志: c613e551
// 重构日志: 29bd4f6a
// 重构日志: a3d28711
// 同步 ID: a82a7f66 @ Tue Jul 14 17:33:40 UTC 2026
// 重构日志: 82560ea0
// 重构日志: 5eaebb32
// 同步 ID: 9c9806a2 @ Fri Jul 17 01:10:29 UTC 2026
// 重构日志: 348e88ec
// 重构日志: 2e91843a
// 重构日志: 98163df4
// 同步 ID: 7d85bfbf @ Thu Jul 23 00:23:23 UTC 2026
// 重构日志: fb082580
// 重构日志: 40386d1a
// 重构日志: 267be468
// 重构日志: adfd7db9
// 重构日志: a66c0d28
// 重构日志: cbd2e93f
// 重构日志: efa4069a
// 同步 ID: ec788800 @ Mon Jul 27 09:48:38 UTC 2026
// 同步 ID: 555d2d63 @ Mon Jul 27 17:13:35 UTC 2026
